{"logTime": "0617/064002", "correlationVector":"y2stdywaQdvTqB8VCJ6WSI.1","action":"SyncServerConnectionManagerRequest", "result":"SYNC_SERVER_OK", "context":{"environment":"Prod_japaneast_prod-s01-061-apac-japaneast", "migrationStage":"NotStarted", "server":"akswtt11400004t"}}
{"logTime": "0617/064002", "correlationVector":"y2stdywaQdvTqB8VCJ6WSI.2","action":"ProcessGetUpdates", "result":"Done", "context":{"dataType":"Encryption Keys", "deleted":"0", "process_failed_to_decrypt":"0", "process_pending_decryption":"0", "process_success":"1", "total":"1"}}
{"logTime": "0617/064002", "correlationVector":"IjVtc8n4qPLPt65uipeRxb","action":"SyncServerConnectionManagerRequest", "result":"SYNC_SERVER_OK", "context":{"environment":"", "migrationStage":"", "server":""}}
{"logTime": "0617/064002", "correlationVector":"IjVtc8n4qPLPt65uipeRxb.0","action":"EncryptionKeysFetcher.DownloadKeys:", "result":"Success", "context":Key count: 7, Last key timestamp: 2026-04-01T01:00:13Z}
{"logTime": "0617/064002", "correlationVector":"IjVtc8n4qPLPt65uipeRxb.1","action":"EncryptionKeysManager::SetEncryptionKeys:", "result":"Success", "context":Key names[7]:[cX4niHC/KhQluwXJSJYJi2Fbtkhp8SV9g9phoiI9CQnROLM++AJau5Hg+nJiAVzdDJkS4/nmES6m8GXm4VFd+Q==][SsINVhSkKTkHB4jG7q1JhpnZH6D9UqFu+6aiY0IJkOeE0qkofEU3z4Yo+7R6NHXVams4PF8JjHt9Yd3c6Jr5WA==][AO7Pc30y6FvDoPGEFVWGDwVto6HT72mOqYNIuT5+PanPgrZAv18uGMvOvVz0ocu89mRYmtp4St3+vO/4k0dWWA==][geJ15tuDFxjfbaRMz4tUJiQxtYj2GHrliDsPiz9iD57+zy4LssUTFyOFY45/RJIQubMESuzkteAuTWPqGUOdfg==][lrHF6XKD58xo2+/A+RwSC+DsiGpIMDXghdTCVGy7JxyN7yfiRgcwDjnJU1na/YYG8m2hmkZLBgbuhQtpLTRyCA==][qWbztvF5Afcj7z0zrIEMJZ7S8ZEwy+22DGdQuyqQb1OJ7K69YfQGRSwVkT5/EJPNWhA61d35pRF57jiLJ4Jo7g==][j/wRT0cZMzz/6QGZhcWpUXRvMsO5St/Zz+mNYYTRc+QnYXTosyXyFwFtNCbGKhgxRMBjB+hrWIFPY6K2kHSBmA==]}
{"logTime": "0617/064002", "correlationVector":"IjVtc8n4qPLPt65uipeRxb.2","action":"EncryptionKeysManager::SetEncryptionKeysWithTimestamps:", "result":"Success", "context":Key timestamps[7]:[2023-04-05T05:43:57Z][2023-10-04T00:34:51Z][2024-04-01T00:35:58Z][2024-09-30T01:52:39Z][2025-03-29T11:36:07Z][2025-09-29T00:11:29Z][2026-04-01T01:00:13Z]}
{"logTime": "0617/064002", "correlationVector":"y2stdywaQdvTqB8VCJ6WSI","action":"Initial GetUpdates", "result":"", "context":Reason: NEW_CLIENT. cV=y2stdywaQdvTqB8VCJ6WSI}
{"logTime": "0617/064002", "correlationVector":"y2stdywaQdvTqB8VCJ6WSI.3","action":"GetUpdates Response", "result":"Success", "context":Received 1 update(s). cV=y2stdywaQdvTqB8VCJ6WSI.0;server=akswtt11400004t;cloudType=Consumer;environment=Prod_japaneast_prod-s01-061-apac-japaneast;migrationStage=NotStarted}
{"logTime": "0617/064002", "correlationVector":"0RY6Bi2GZpsIf4LilJqvLt","action":"Initial GetUpdates", "result":"", "context":Reason: NEWLY_SUPPORTED_DATATYPE. cV=0RY6Bi2GZpsIf4LilJqvLt}
{"logTime": "0617/064003", "correlationVector":"0RY6Bi2GZpsIf4LilJqvLt.1","action":"SyncServerConnectionManagerRequest", "result":"SYNC_SERVER_OK", "context":{"environment":"Prod_japaneast_prod-s01-061-apac-japaneast", "migrationStage":"NotStarted", "server":"akswtt11400003p"}}
{"logTime": "0617/064003", "correlationVector":"0RY6Bi2GZpsIf4LilJqvLt.2","action":"ProcessGetUpdates", "result":"Done", "context":{"dataType":"Preferences", "deleted":"0", "process_failed_to_decrypt":"0", "process_pending_decryption":"0", "process_success":"94", "total":"94"}}
{"logTime": "0617/064003", "correlationVector":"0RY6Bi2GZpsIf4LilJqvLt.3","action":"ProcessGetUpdates", "result":"Done", "context":{"dataType":"Passwords", "deleted":"1", "process_failed_to_decrypt":"0", "process_pending_decryption":"0", "process_success":"60", "total":"60"}}
{"logTime": "0617/064003", "correlationVector":"0RY6Bi2GZpsIf4LilJqvLt.4","action":"ProcessGetUpdates", "result":"Done", "context":{"dataType":"Device Info", "deleted":"0", "process_failed_to_decrypt":"0", "process_pending_decryption":"0", "process_success":"13", "total":"13"}}
{"logTime": "0617/064003", "correlationVector":"0RY6Bi2GZpsIf4LilJqvLt.5","action":"GetUpdates Response", "result":"Success", "context":Received 167 update(s). cV=0RY6Bi2GZpsIf4LilJqvLt.0;server=akswtt11400003p;cloudType=Consumer;environment=Prod_japaneast_prod-s01-061-apac-japaneast;migrationStage=NotStarted}
{"logTime": "0617/064003", "correlationVector":"ZRXlpiDdHVStwszQ6pNucf","action":"Initial GetUpdates", "result":"", "context":Reason: NEWLY_SUPPORTED_DATATYPE. cV=ZRXlpiDdHVStwszQ6pNucf}
{"logTime": "0617/064003", "correlationVector":"ZRXlpiDdHVStwszQ6pNucf.1","action":"SyncServerConnectionManagerRequest", "result":"SYNC_SERVER_OK", "context":{"environment":"Prod_japaneast_prod-s01-061-apac-japaneast", "migrationStage":"NotStarted", "server":"akswtt11400002b"}}
{"logTime": "0617/064003", "correlationVector":"ZRXlpiDdHVStwszQ6pNucf.2","action":"ProcessGetUpdates", "result":"Done", "context":{"dataType":"Bookmarks", "deleted":"3", "process_failed_to_decrypt":"0", "process_pending_decryption":"0", "process_success":"29", "total":"29"}}
{"logTime": "0617/064003", "correlationVector":"ZRXlpiDdHVStwszQ6pNucf.3","action":"GetUpdates Response", "result":"Success", "context":Received 29 update(s). cV=ZRXlpiDdHVStwszQ6pNucf.0;server=akswtt11400002b;cloudType=Consumer;environment=Prod_japaneast_prod-s01-061-apac-japaneast;migrationStage=NotStarted}
{"logTime": "0617/064003", "correlationVector":"F3uD18oqF1myY+Yyj5PH3V","action":"Initial GetUpdates", "result":"", "context":Reason: NEWLY_SUPPORTED_DATATYPE. cV=F3uD18oqF1myY+Yyj5PH3V}
{"logTime": "0617/064004", "correlationVector":"F3uD18oqF1myY+Yyj5PH3V.1","action":"SyncServerConnectionManagerRequest", "result":"SYNC_SERVER_OK", "context":{"environment":"Prod_japaneast_prod-s01-061-apac-japaneast", "migrationStage":"NotStarted", "server":"akswtt11400003n"}}
{"logTime": "0617/064004", "correlationVector":"F3uD18oqF1myY+Yyj5PH3V.2","action":"ProcessGetUpdates", "result":"Done", "context":{"dataType":"Autofill Profiles", "deleted":"2", "process_failed_to_decrypt":"0", "process_pending_decryption":"0", "process_success":"8", "total":"8"}}
{"logTime": "0617/064004", "correlationVector":"F3uD18oqF1myY+Yyj5PH3V.3","action":"ProcessGetUpdates", "result":"Done", "context":{"dataType":"Autofill", "deleted":"0", "process_failed_to_decrypt":"0", "process_pending_decryption":"0", "process_success":"166", "total":"166"}}
{"logTime": "0617/064004", "correlationVector":"F3uD18oqF1myY+Yyj5PH3V.4","action":"ProcessGetUpdates", "result":"Done", "context":{"dataType":"Sessions", "deleted":"75", "process_failed_to_decrypt":"0", "process_pending_decryption":"0", "process_success":"75", "total":"75"}}
{"logTime": "0617/064004", "correlationVector":"F3uD18oqF1myY+Yyj5PH3V.5","action":"ProcessGetUpdates", "result":"Done", "context":{"dataType":"Edge Hub App Usage", "deleted":"0", "process_failed_to_decrypt":"0", "process_pending_decryption":"0", "process_success":"1", "total":"1"}}
{"logTime": "0617/064004", "correlationVector":"F3uD18oqF1myY+Yyj5PH3V.6","action":"GetUpdates Response", "result":"Success", "context":Received 250 update(s). cV=F3uD18oqF1myY+Yyj5PH3V.0;server=akswtt11400003n;cloudType=Consumer;environment=Prod_japaneast_prod-s01-061-apac-japaneast;migrationStage=NotStarted Some updates remain.}
{"logTime": "0617/064004", "correlationVector":"95YQqkOIpbDUYtxQ9xQVFb","action":"Initial GetUpdates", "result":"", "context":Reason: NEWLY_SUPPORTED_DATATYPE. cV=95YQqkOIpbDUYtxQ9xQVFb}
{"logTime": "0617/064005", "correlationVector":"95YQqkOIpbDUYtxQ9xQVFb.1","action":"SyncServerConnectionManagerRequest", "result":"SYNC_SERVER_OK", "context":{"environment":"Prod_japaneast_prod-s01-061-apac-japaneast", "migrationStage":"NotStarted", "server":"akswtt114000030"}}
{"logTime": "0617/064005", "correlationVector":"95YQqkOIpbDUYtxQ9xQVFb.2","action":"ProcessGetUpdates", "result":"Done", "context":{"dataType":"Autofill Profiles", "deleted":"1", "process_failed_to_decrypt":"0", "process_pending_decryption":"0", "process_success":"2", "total":"2"}}
{"logTime": "0617/064005", "correlationVector":"95YQqkOIpbDUYtxQ9xQVFb.3","action":"ProcessGetUpdates", "result":"Done", "context":{"dataType":"Autofill", "deleted":"0", "process_failed_to_decrypt":"0", "process_pending_decryption":"0", "process_success":"52", "total":"52"}}
{"logTime": "0617/064005", "correlationVector":"95YQqkOIpbDUYtxQ9xQVFb.4","action":"ProcessGetUpdates", "result":"Done", "context":{"dataType":"Sessions", "deleted":"168", "process_failed_to_decrypt":"0", "process_pending_decryption":"0", "process_success":"176", "total":"176"}}
{"logTime": "0617/064005", "correlationVector":"95YQqkOIpbDUYtxQ9xQVFb.5","action":"ProcessGetUpdates", "result":"Done", "context":{"dataType":"Edge Hub App Usage", "deleted":"1", "process_failed_to_decrypt":"0", "process_pending_decryption":"0", "process_success":"6", "total":"6"}}
{"logTime": "0617/064005", "correlationVector":"95YQqkOIpbDUYtxQ9xQVFb.6","action":"GetUpdates Response", "result":"Success", "context":Received 236 update(s). cV=95YQqkOIpbDUYtxQ9xQVFb.0;server=akswtt114000030;cloudType=Consumer;environment=Prod_japaneast_prod-s01-061-apac-japaneast;migrationStage=NotStarted}
{"logTime": "0617/064005", "correlationVector":"b1/fgXr5Z0m5FOcPVW3qS5","action":"Initial GetUpdates", "result":"", "context":Reason: NEWLY_SUPPORTED_DATATYPE. cV=b1/fgXr5Z0m5FOcPVW3qS5}
{"logTime": "0617/064006", "correlationVector":"b1/fgXr5Z0m5FOcPVW3qS5.1","action":"SyncServerConnectionManagerRequest", "result":"SYNC_SERVER_OK", "context":{"environment":"Prod_japaneast_prod-s01-061-apac-japaneast", "migrationStage":"NotStarted", "server":"akswtt114000022"}}
{"logTime": "0617/064006", "correlationVector":"b1/fgXr5Z0m5FOcPVW3qS5.2","action":"ProcessGetUpdates", "result":"Done", "context":{"dataType":"History", "deleted":"0", "process_failed_to_decrypt":"0", "process_pending_decryption":"0", "process_success":"250", "total":"250"}}
{"logTime": "0617/064006", "correlationVector":"b1/fgXr5Z0m5FOcPVW3qS5.3","action":"GetUpdates Response", "result":"Success", "context":Received 250 update(s). cV=b1/fgXr5Z0m5FOcPVW3qS5.0;server=akswtt114000022;cloudType=Consumer;environment=Prod_japaneast_prod-s01-061-apac-japaneast;migrationStage=NotStarted Some updates remain.}
{"logTime": "0617/064006", "correlationVector":"3mzk79sGE6UjG8IcE8pFki","action":"Initial GetUpdates", "result":"", "context":Reason: NEWLY_SUPPORTED_DATATYPE. cV=3mzk79sGE6UjG8IcE8pFki}
{"logTime": "0617/064008", "correlationVector":"3mzk79sGE6UjG8IcE8pFki.1","action":"SyncServerConnectionManagerRequest", "result":"SYNC_SERVER_OK", "context":{"environment":"Prod_japaneast_prod-s01-061-apac-japaneast", "migrationStage":"NotStarted", "server":"akswtt114000026"}}
{"logTime": "0617/064008", "correlationVector":"3mzk79sGE6UjG8IcE8pFki.2","action":"ProcessGetUpdates", "result":"Done", "context":{"dataType":"History", "deleted":"0", "process_failed_to_decrypt":"0", "process_pending_decryption":"0", "process_success":"250", "total":"250"}}
{"logTime": "0617/064008", "correlationVector":"3mzk79sGE6UjG8IcE8pFki.3","action":"GetUpdates Response", "result":"Success", "context":Received 250 update(s). cV=3mzk79sGE6UjG8IcE8pFki.0;server=akswtt114000026;cloudType=Consumer;environment=Prod_japaneast_prod-s01-061-apac-japaneast;migrationStage=NotStarted Some updates remain.}
{"logTime": "0617/064008", "correlationVector":"krA5q1IkM/qzeVBBbpE/Le","action":"Initial GetUpdates", "result":"", "context":Reason: NEWLY_SUPPORTED_DATATYPE. cV=krA5q1IkM/qzeVBBbpE/Le}
{"logTime": "0617/064008", "correlationVector":"krA5q1IkM/qzeVBBbpE/Le.1","action":"SyncServerConnectionManagerRequest", "result":"SYNC_SERVER_OK", "context":{"environment":"Prod_japaneast_prod-s01-061-apac-japaneast", "migrationStage":"NotStarted", "server":"akswtt11400003u"}}
{"logTime": "0617/064008", "correlationVector":"krA5q1IkM/qzeVBBbpE/Le.2","action":"ProcessGetUpdates", "result":"Done", "context":{"dataType":"History", "deleted":"0", "process_failed_to_decrypt":"0", "process_pending_decryption":"0", "process_success":"4", "total":"4"}}
{"logTime": "0617/064008", "correlationVector":"krA5q1IkM/qzeVBBbpE/Le.3","action":"GetUpdates Response", "result":"Success", "context":Received 4 update(s). cV=krA5q1IkM/qzeVBBbpE/Le.0;server=akswtt11400003u;cloudType=Consumer;environment=Prod_japaneast_prod-s01-061-apac-japaneast;migrationStage=NotStarted}
{"logTime": "0617/064008", "correlationVector":"ymXFIKPbC06lMu0LK9yTFt","action":"Normal GetUpdate request", "result":"", "context":cV=ymXFIKPbC06lMu0LK9yTFt
Nudged types: Sessions, Device Info, User Consents
Refresh requested types: Bookmarks, Preferences, Passwords, Autofill Profiles, Autofill, Extensions, Sessions, Extension settings, History Delete Directives, Device Info, User Consents, Send Tab To Self, Web Apps, History, Saved Tab Group, WebAuthn Credentials, Edge E Drop, Edge Hub App Usage, Edge Wallet, Edge Workspace, Encryption Keys}
{"logTime": "0617/064010", "correlationVector":"ymXFIKPbC06lMu0LK9yTFt.1","action":"SyncServerConnectionManagerRequest", "result":"SYNC_SERVER_OK", "context":{"environment":"Prod_japaneast_prod-s01-061-apac-japaneast", "migrationStage":"NotStarted", "server":"akswtt114000022"}}
{"logTime": "0617/064010", "correlationVector":"ymXFIKPbC06lMu0LK9yTFt.2","action":"GetUpdates Response", "result":"Success", "context":Received 0 update(s). cV=ymXFIKPbC06lMu0LK9yTFt.0;server=akswtt114000022;cloudType=Consumer;environment=Prod_japaneast_prod-s01-061-apac-japaneast;migrationStage=NotStarted}
{"logTime": "0617/064010", "correlationVector":"SfgglwOQMzUwfBPurywt1V","action":"DoCompareDataConsistency: ", "result":"has local changes and skip compare"}
{"logTime": "0617/064010", "correlationVector":"/taO1q7XlOlN+2PqS5ibh5","action":"Commit Request", "result":"", "context":Item count: 5
Contributing types: Sessions, Device Info, User Consents, History}
{"logTime": "0617/064010", "correlationVector":"/taO1q7XlOlN+2PqS5ibh5.1","action":"SyncServerConnectionManagerRequest", "result":"SYNC_SERVER_OK", "context":{"environment":"Prod_japaneast_prod-s01-061-apac-japaneast", "migrationStage":"NotStarted", "server":"akswtt11400002b"}}
{"logTime": "0617/064010", "correlationVector":"/taO1q7XlOlN+2PqS5ibh5.2","action":"Commit Response", "result":"Success", "context":Result: Success. cV=/taO1q7XlOlN+2PqS5ibh5.0;server=akswtt11400002b;cloudType=Consumer;environment=Prod_japaneast_prod-s01-061-apac-japaneast;migrationStage=NotStarted}
{"logTime": "0617/064011", "correlationVector":"17YSmSaZhnvPUW/rfnqo1v","action":"Commit Request", "result":"", "context":Item count: 1
Contributing types: Sessions}
{"logTime": "0617/064011", "correlationVector":"17YSmSaZhnvPUW/rfnqo1v.1","action":"SyncServerConnectionManagerRequest", "result":"SYNC_SERVER_OK", "context":{"environment":"Prod_japaneast_prod-s01-061-apac-japaneast", "migrationStage":"NotStarted", "server":"akswtt11400002b"}}
{"logTime": "0617/064011", "correlationVector":"17YSmSaZhnvPUW/rfnqo1v.2","action":"Commit Response", "result":"Success", "context":Result: Success. cV=17YSmSaZhnvPUW/rfnqo1v.0;server=akswtt11400002b;cloudType=Consumer;environment=Prod_japaneast_prod-s01-061-apac-japaneast;migrationStage=NotStarted}
{"logTime": "0617/064013", "correlationVector":"z+x334e28c8XFSTun5P3zK","action":"Commit Request", "result":"", "context":Item count: 40
Contributing types: Passwords}
{"logTime": "0617/064015", "correlationVector":"z+x334e28c8XFSTun5P3zK.1","action":"SyncServerConnectionManagerRequest", "result":"SYNC_SERVER_OK", "context":{"environment":"Prod_japaneast_prod-s01-061-apac-japaneast", "migrationStage":"NotStarted", "server":"akswtt114000022"}}
{"logTime": "0617/064015", "correlationVector":"z+x334e28c8XFSTun5P3zK.2","action":"Commit Response", "result":"Success", "context":Result: Success. cV=z+x334e28c8XFSTun5P3zK.0;server=akswtt114000022;cloudType=Consumer;environment=Prod_japaneast_prod-s01-061-apac-japaneast;migrationStage=NotStarted}
{"logTime": "0617/064015", "correlationVector":"ofGk8c5dOdJdqtKbBY7tTn","action":"Commit Request", "result":"", "context":Item count: 16
Contributing types: Preferences, Passwords}
{"logTime": "0617/064016", "correlationVector":"ofGk8c5dOdJdqtKbBY7tTn.1","action":"SyncServerConnectionManagerRequest", "result":"SYNC_SERVER_OK", "context":{"environment":"Prod_japaneast_prod-s01-061-apac-japaneast", "migrationStage":"NotStarted", "server":"akswtt114000045"}}
{"logTime": "0617/064016", "correlationVector":"ofGk8c5dOdJdqtKbBY7tTn.2","action":"Commit Response", "result":"Success", "context":Result: Success. cV=ofGk8c5dOdJdqtKbBY7tTn.0;server=akswtt114000045;cloudType=Consumer;environment=Prod_japaneast_prod-s01-061-apac-japaneast;migrationStage=NotStarted}
{"logTime": "0617/064058", "correlationVector":"5b7RU8d5cTepK/bb6c0oQZ","action":"Commit Request", "result":"", "context":Item count: 40
Contributing types: Passwords}
{"logTime": "0617/064101", "correlationVector":"5b7RU8d5cTepK/bb6c0oQZ.1","action":"SyncServerConnectionManagerRequest", "result":"SYNC_SERVER_OK", "context":{"environment":"Prod_japaneast_prod-s01-061-apac-japaneast", "migrationStage":"NotStarted", "server":"akswtt114000029"}}
{"logTime": "0617/064101", "correlationVector":"5b7RU8d5cTepK/bb6c0oQZ.2","action":"Commit Response", "result":"Success", "context":Result: Success. cV=5b7RU8d5cTepK/bb6c0oQZ.0;server=akswtt114000029;cloudType=Consumer;environment=Prod_japaneast_prod-s01-061-apac-japaneast;migrationStage=NotStarted}
{"logTime": "0617/064101", "correlationVector":"Q5yXMsxFIz3KtwWhyBQXIz","action":"Commit Request", "result":"", "context":Item count: 18
Contributing types: Passwords}
{"logTime": "0617/064102", "correlationVector":"Q5yXMsxFIz3KtwWhyBQXIz.1","action":"SyncServerConnectionManagerRequest", "result":"SYNC_SERVER_OK", "context":{"environment":"Prod_japaneast_prod-s01-061-apac-japaneast", "migrationStage":"NotStarted", "server":"akswtt11400002x"}}
{"logTime": "0617/064102", "correlationVector":"Q5yXMsxFIz3KtwWhyBQXIz.2","action":"Commit Response", "result":"Success", "context":Result: Success. cV=Q5yXMsxFIz3KtwWhyBQXIz.0;server=akswtt11400002x;cloudType=Consumer;environment=Prod_japaneast_prod-s01-061-apac-japaneast;migrationStage=NotStarted}
{"logTime": "0617/064240", "correlationVector":"etr99OXgBDVBzf4z91VQK5","action":"Normal GetUpdate request", "result":"", "context":cV=etr99OXgBDVBzf4z91VQK5
Notified types: History}
{"logTime": "0617/064240", "correlationVector":"etr99OXgBDVBzf4z91VQK5.1","action":"SyncServerConnectionManagerRequest", "result":"SYNC_SERVER_OK", "context":{"environment":"Prod_japaneast_prod-s01-061-apac-japaneast", "migrationStage":"NotStarted", "server":"akswtt114000047"}}
{"logTime": "0617/064240", "correlationVector":"etr99OXgBDVBzf4z91VQK5.2","action":"ProcessGetUpdates", "result":"Done", "context":{"dataType":"Preferences", "deleted":"0", "process_failed_to_decrypt":"0", "process_pending_decryption":"0", "process_success":"1", "total":"1"}}
{"logTime": "0617/064240", "correlationVector":"etr99OXgBDVBzf4z91VQK5.3","action":"ProcessGetUpdates", "result":"Done", "context":{"dataType":"Passwords", "deleted":"0", "process_failed_to_decrypt":"0", "process_pending_decryption":"0", "process_success":"58", "total":"58"}}
{"logTime": "0617/064240", "correlationVector":"etr99OXgBDVBzf4z91VQK5.4","action":"ProcessGetUpdates", "result":"Done", "context":{"dataType":"Sessions", "deleted":"0", "process_failed_to_decrypt":"0", "process_pending_decryption":"0", "process_success":"3", "total":"3"}}
{"logTime": "0617/064240", "correlationVector":"etr99OXgBDVBzf4z91VQK5.5","action":"ProcessGetUpdates", "result":"Done", "context":{"dataType":"Device Info", "deleted":"0", "process_failed_to_decrypt":"0", "process_pending_decryption":"0", "process_success":"1", "total":"1"}}
{"logTime": "0617/064240", "correlationVector":"etr99OXgBDVBzf4z91VQK5.6","action":"ProcessGetUpdates", "result":"Done", "context":{"dataType":"History", "deleted":"0", "process_failed_to_decrypt":"0", "process_pending_decryption":"0", "process_success":"3", "total":"3"}}
{"logTime": "0617/064240", "correlationVector":"etr99OXgBDVBzf4z91VQK5.7","action":"GetUpdates Response", "result":"Success", "context":Received 66 update(s). cV=etr99OXgBDVBzf4z91VQK5.0;server=akswtt114000047;cloudType=Consumer;environment=Prod_japaneast_prod-s01-061-apac-japaneast;migrationStage=NotStarted}
{"logTime": "0701/003658", "correlationVector":"xPqbEiepXr6Ai3+rcLYNn8.1","action":"SyncServerConnectionManagerRequest", "result":"SYNC_SERVER_OK", "context":{"environment":"Prod_japaneast_prod-s01-061-apac-japaneast", "migrationStage":"NotStarted", "server":"akswtt11500000x"}}
{"logTime": "0701/003658", "correlationVector":"xPqbEiepXr6Ai3+rcLYNn8.2","action":"ProcessGetUpdates", "result":"Done", "context":{"dataType":"Encryption Keys", "deleted":"0", "process_failed_to_decrypt":"0", "process_pending_decryption":"0", "process_success":"1", "total":"1"}}
{"logTime": "0701/003658", "correlationVector":"oIyTHED5VGIFMo6uFH+004","action":"ValidateEncryptionKeys", "result":"No mitigation", "context":Nigori: [:1775005214488]}
{"logTime": "0701/003659", "correlationVector":"oIyTHED5VGIFMo6uFH+004.0","action":"SyncServerConnectionManagerRequest", "result":"SYNC_SERVER_OK", "context":{"environment":"", "migrationStage":"", "server":""}}
{"logTime": "0701/003659", "correlationVector":"oIyTHED5VGIFMo6uFH+004.1","action":"EncryptionKeysFetcher.DownloadKeys:", "result":"Success", "context":Key count: 7, Last key timestamp: 2026-04-01T01:00:13Z}
{"logTime": "0701/003659", "correlationVector":"oIyTHED5VGIFMo6uFH+004.2","action":"EncryptionKeysManager::SetEncryptionKeys:", "result":"Success", "context":Key names[7]:[cX4niHC/KhQluwXJSJYJi2Fbtkhp8SV9g9phoiI9CQnROLM++AJau5Hg+nJiAVzdDJkS4/nmES6m8GXm4VFd+Q==][SsINVhSkKTkHB4jG7q1JhpnZH6D9UqFu+6aiY0IJkOeE0qkofEU3z4Yo+7R6NHXVams4PF8JjHt9Yd3c6Jr5WA==][AO7Pc30y6FvDoPGEFVWGDwVto6HT72mOqYNIuT5+PanPgrZAv18uGMvOvVz0ocu89mRYmtp4St3+vO/4k0dWWA==][geJ15tuDFxjfbaRMz4tUJiQxtYj2GHrliDsPiz9iD57+zy4LssUTFyOFY45/RJIQubMESuzkteAuTWPqGUOdfg==][lrHF6XKD58xo2+/A+RwSC+DsiGpIMDXghdTCVGy7JxyN7yfiRgcwDjnJU1na/YYG8m2hmkZLBgbuhQtpLTRyCA==][qWbztvF5Afcj7z0zrIEMJZ7S8ZEwy+22DGdQuyqQb1OJ7K69YfQGRSwVkT5/EJPNWhA61d35pRF57jiLJ4Jo7g==][j/wRT0cZMzz/6QGZhcWpUXRvMsO5St/Zz+mNYYTRc+QnYXTosyXyFwFtNCbGKhgxRMBjB+hrWIFPY6K2kHSBmA==]}
{"logTime": "0701/003659", "correlationVector":"oIyTHED5VGIFMo6uFH+004.3","action":"EncryptionKeysManager::SetEncryptionKeysWithTimestamps:", "result":"Success", "context":Key timestamps[7]:[2023-04-05T05:43:57Z][2023-10-04T00:34:51Z][2024-04-01T00:35:58Z][2024-09-30T01:52:39Z][2025-03-29T11:36:07Z][2025-09-29T00:11:29Z][2026-04-01T01:00:13Z]}
{"logTime": "0701/003659", "correlationVector":"xPqbEiepXr6Ai3+rcLYNn8","action":"Initial GetUpdates", "result":"", "context":Reason: NEW_CLIENT. cV=xPqbEiepXr6Ai3+rcLYNn8}
{"logTime": "0701/003659", "correlationVector":"xPqbEiepXr6Ai3+rcLYNn8.3","action":"GetUpdates Response", "result":"Success", "context":Received 1 update(s). cV=xPqbEiepXr6Ai3+rcLYNn8.0;server=akswtt11500000x;cloudType=Consumer;environment=Prod_japaneast_prod-s01-061-apac-japaneast;migrationStage=NotStarted}
{"logTime": "0701/003659", "correlationVector":"Y0jkr/jxhBLcQDUQKbU03y","action":"Initial GetUpdates", "result":"", "context":Reason: NEWLY_SUPPORTED_DATATYPE. cV=Y0jkr/jxhBLcQDUQKbU03y}
{"logTime": "0701/003659", "correlationVector":"Y0jkr/jxhBLcQDUQKbU03y.1","action":"SyncServerConnectionManagerRequest", "result":"SYNC_SERVER_OK", "context":{"environment":"Prod_japaneast_prod-s01-061-apac-japaneast", "migrationStage":"NotStarted", "server":"akswtt11500000j"}}
{"logTime": "0701/003659", "correlationVector":"Y0jkr/jxhBLcQDUQKbU03y.2","action":"ProcessGetUpdates", "result":"Done", "context":{"dataType":"Passwords", "deleted":"1", "process_failed_to_decrypt":"0", "process_pending_decryption":"0", "process_success":"61", "total":"61"}}
{"logTime": "0701/003659", "correlationVector":"Y0jkr/jxhBLcQDUQKbU03y.3","action":"GetUpdates Response", "result":"Success", "context":Received 61 update(s). cV=Y0jkr/jxhBLcQDUQKbU03y.0;server=akswtt11500000j;cloudType=Consumer;environment=Prod_japaneast_prod-s01-061-apac-japaneast;migrationStage=NotStarted}
{"logTime": "0701/003659", "correlationVector":"DkkIXn8r6VtZKNXOC5g+oI","action":"Normal GetUpdate request", "result":"", "context":cV=DkkIXn8r6VtZKNXOC5g+oI
Nudged types: Sessions, Device Info, History
Refresh requested types: Bookmarks, Preferences, Passwords, Autofill Profiles, Autofill, Extensions, Sessions, Extension settings, History Delete Directives, Device Info, User Consents, Send Tab To Self, Web Apps, History, Saved Tab Group, WebAuthn Credentials, Edge E Drop, Edge Hub App Usage, Edge Wallet, Edge Workspace, Encryption Keys}
{"logTime": "0701/003701", "correlationVector":"DkkIXn8r6VtZKNXOC5g+oI.1","action":"SyncServerConnectionManagerRequest", "result":"SYNC_SERVER_OK", "context":{"environment":"Prod_southeastasia_prod-s01-065-apac-southeastasia", "migrationStage":"NotStarted", "server":"akswtt00200000y"}}
{"logTime": "0701/003701", "correlationVector":"DkkIXn8r6VtZKNXOC5g+oI.2","action":"ProcessGetUpdates", "result":"Done", "context":{"dataType":"Preferences", "deleted":"0", "process_failed_to_decrypt":"0", "process_pending_decryption":"0", "process_success":"1", "total":"1"}}
{"logTime": "0701/003701", "correlationVector":"DkkIXn8r6VtZKNXOC5g+oI.3","action":"ProcessGetUpdates", "result":"Done", "context":{"dataType":"Autofill", "deleted":"0", "process_failed_to_decrypt":"0", "process_pending_decryption":"0", "process_success":"20", "total":"20"}}
{"logTime": "0701/003701", "correlationVector":"DkkIXn8r6VtZKNXOC5g+oI.4","action":"ProcessGetUpdates", "result":"Done", "context":{"dataType":"Sessions", "deleted":"48", "process_failed_to_decrypt":"0", "process_pending_decryption":"0", "process_success":"50", "total":"50"}}
{"logTime": "0701/003701", "correlationVector":"DkkIXn8r6VtZKNXOC5g+oI.5","action":"ProcessGetUpdates", "result":"Done", "context":{"dataType":"History", "deleted":"0", "process_failed_to_decrypt":"0", "process_pending_decryption":"0", "process_success":"250", "total":"250"}}
{"logTime": "0701/003701", "correlationVector":"DkkIXn8r6VtZKNXOC5g+oI.6","action":"GetUpdates Response", "result":"Success", "context":Received 321 update(s). cV=DkkIXn8r6VtZKNXOC5g+oI.0;server=akswtt00200000y;cloudType=Consumer;environment=Prod_southeastasia_prod-s01-065-apac-southeastasia;migrationStage=NotStarted Some updates remain.}
{"logTime": "0701/003701", "correlationVector":"xgvctKVrq5UHfI7FMCm+ku","action":"Normal GetUpdate request", "result":"", "context":cV=xgvctKVrq5UHfI7FMCm+ku
Nudged types: Sessions, Device Info, History
Refresh requested types: Bookmarks, Preferences, Passwords, Autofill Profiles, Autofill, Extensions, Sessions, Extension settings, History Delete Directives, Device Info, User Consents, Send Tab To Self, Web Apps, History, Saved Tab Group, WebAuthn Credentials, Edge E Drop, Edge Hub App Usage, Edge Wallet, Edge Workspace, Encryption Keys}
{"logTime": "0701/003702", "correlationVector":"xgvctKVrq5UHfI7FMCm+ku.1","action":"SyncServerConnectionManagerRequest", "result":"SYNC_SERVER_OK", "context":{"environment":"Prod_japaneast_prod-s01-061-apac-japaneast", "migrationStage":"NotStarted", "server":"akswtt115000003"}}
{"logTime": "0701/003702", "correlationVector":"xgvctKVrq5UHfI7FMCm+ku.2","action":"ProcessGetUpdates", "result":"Done", "context":{"dataType":"Bookmarks", "deleted":"0", "process_failed_to_decrypt":"0", "process_pending_decryption":"0", "process_success":"1", "total":"1"}}
{"logTime": "0701/003702", "correlationVector":"xgvctKVrq5UHfI7FMCm+ku.3","action":"ProcessGetUpdates", "result":"Done", "context":{"dataType":"Preferences", "deleted":"0", "process_failed_to_decrypt":"0", "process_pending_decryption":"0", "process_success":"5", "total":"5"}}
{"logTime": "0701/003702", "correlationVector":"xgvctKVrq5UHfI7FMCm+ku.4","action":"ProcessGetUpdates", "result":"Done", "context":{"dataType":"Autofill Profiles", "deleted":"1", "process_failed_to_decrypt":"0", "process_pending_decryption":"0", "process_success":"1", "total":"1"}}
{"logTime": "0701/003702", "correlationVector":"xgvctKVrq5UHfI7FMCm+ku.5","action":"ProcessGetUpdates", "result":"Done", "context":{"dataType":"Autofill", "deleted":"0", "process_failed_to_decrypt":"0", "process_pending_decryption":"0", "process_success":"7", "total":"7"}}
{"logTime": "0701/003702", "correlationVector":"xgvctKVrq5UHfI7FMCm+ku.6","action":"ProcessGetUpdates", "result":"Done", "context":{"dataType":"Sessions", "deleted":"37", "process_failed_to_decrypt":"0", "process_pending_decryption":"0", "process_success":"42", "total":"42"}}
{"logTime": "0701/003702", "correlationVector":"xgvctKVrq5UHfI7FMCm+ku.7","action":"ProcessGetUpdates", "result":"Done", "context":{"dataType":"Device Info", "deleted":"0", "process_failed_to_decrypt":"0", "process_pending_decryption":"0", "process_success":"2", "total":"2"}}
{"logTime": "0701/003702", "correlationVector":"xgvctKVrq5UHfI7FMCm+ku.8","action":"ProcessGetUpdates", "result":"Done", "context":{"dataType":"History", "deleted":"0", "process_failed_to_decrypt":"0", "process_pending_decryption":"0", "process_success":"154", "total":"154"}}
{"logTime": "0701/003702", "correlationVector":"xgvctKVrq5UHfI7FMCm+ku.9","action":"GetUpdates Response", "result":"Success", "context":Received 212 update(s). cV=xgvctKVrq5UHfI7FMCm+ku.0;server=akswtt115000003;cloudType=Consumer;environment=Prod_japaneast_prod-s01-061-apac-japaneast;migrationStage=NotStarted}
{"logTime": "0701/003702", "correlationVector":"NjM1CmADItYBC8tx4aWFZH","action":"Commit Request", "result":"", "context":Item count: 1
Contributing types: History}
{"logTime": "0701/003702", "correlationVector":"NjM1CmADItYBC8tx4aWFZH.1","action":"SyncServerConnectionManagerRequest", "result":"SYNC_SERVER_OK", "context":{"environment":"Prod_japaneast_prod-s01-061-apac-japaneast", "migrationStage":"NotStarted", "server":"akswtt11500000z"}}
{"logTime": "0701/003702", "correlationVector":"NjM1CmADItYBC8tx4aWFZH.2","action":"Commit Response", "result":"Success", "context":Result: Success. cV=NjM1CmADItYBC8tx4aWFZH.0;server=akswtt11500000z;cloudType=Consumer;environment=Prod_japaneast_prod-s01-061-apac-japaneast;migrationStage=NotStarted}
{"logTime": "0701/003702", "correlationVector":"WOkIBCi9lGTuXCPBbsVISD","action":"Poll GetUpdate request", "result":"", "context":cV=WOkIBCi9lGTuXCPBbsVISD}
{"logTime": "0701/003703", "correlationVector":"WOkIBCi9lGTuXCPBbsVISD.1","action":"SyncServerConnectionManagerRequest", "result":"SYNC_SERVER_OK", "context":{"environment":"Prod_japaneast_prod-s01-061-apac-japaneast", "migrationStage":"NotStarted", "server":"akswtt11500000r"}}
{"logTime": "0701/003703", "correlationVector":"WOkIBCi9lGTuXCPBbsVISD.2","action":"ProcessGetUpdates", "result":"Done", "context":{"dataType":"History", "deleted":"0", "process_failed_to_decrypt":"0", "process_pending_decryption":"0", "process_success":"1", "total":"1"}}
{"logTime": "0701/003703", "correlationVector":"WOkIBCi9lGTuXCPBbsVISD.3","action":"GetUpdates Response", "result":"Success", "context":Received 1 update(s). cV=WOkIBCi9lGTuXCPBbsVISD.0;server=akswtt11500000r;cloudType=Consumer;environment=Prod_japaneast_prod-s01-061-apac-japaneast;migrationStage=NotStarted}
{"logTime": "0701/003703", "correlationVector":"zi5te9vtBGXTwcBk1Pw2Az","action":"DoCompareDataConsistency requsted types: ", "result":"Bookmarks, Preferences, Passwords, Extensions, Extension settings, History Delete Directives, Send Tab To Self, Web Apps, History, Saved Tab Group, WebAuthn Credentials, Edge E Drop, Edge Wallet, Edge Workspace, Encryption Keys"}
{"logTime": "0701/003703", "correlationVector":"zi5te9vtBGXTwcBk1Pw2Az.0","action":"CompareDataConsistency result: ", "result":"Compare result: Encryption Keys is consistent. local entities count is: 1 local entities hash is: fMx3/HyfxqvwWIYsoeO0RvJjYWs="}
{"logTime": "0701/003703", "correlationVector":"zi5te9vtBGXTwcBk1Pw2Az.1","action":"CompareDataConsistency result: ", "result":"Compare result: Bookmarks is consistent. local entities count is: 20 local entities hash is: jx6u0/NoCAuP+xXI2kVsqGtCgTU="}
{"logTime": "0701/003703", "correlationVector":"zi5te9vtBGXTwcBk1Pw2Az.2","action":"CompareDataConsistency result: ", "result":"Compare result: Preferences is consistent. local entities count is: 94 local entities hash is: 1G8e1nBcdhqeVSw4SiSyTiAR++o="}
{"logTime": "0701/003703", "correlationVector":"zi5te9vtBGXTwcBk1Pw2Az.3","action":"CompareDataConsistency result: ", "result":"Compare result: Extensions is consistent. local entities count is: 0 local entities hash is: "}
{"logTime": "0701/003703", "correlationVector":"zi5te9vtBGXTwcBk1Pw2Az.4","action":"CompareDataConsistency result: ", "result":"Compare result: Extension settings is consistent. local entities count is: 0 local entities hash is: "}
{"logTime": "0701/003703", "correlationVector":"zi5te9vtBGXTwcBk1Pw2Az.5","action":"CompareDataConsistency result: ", "result":"Compare result: History Delete Directives is consistent. local entities count is: 0 local entities hash is: "}
{"logTime": "0701/003703", "correlationVector":"zi5te9vtBGXTwcBk1Pw2Az.6","action":"CompareDataConsistency result: ", "result":"Server did not send this Send Tab To Self local entities count is: 0 local entities hash is: "}
{"logTime": "0701/003703", "correlationVector":"zi5te9vtBGXTwcBk1Pw2Az.7","action":"CompareDataConsistency result: ", "result":"Compare result: Web Apps is consistent. local entities count is: 0 local entities hash is: "}
{"logTime": "0701/003703", "correlationVector":"zi5te9vtBGXTwcBk1Pw2Az.8","action":"CompareDataConsistency result: ", "result":"Server did not send this History local entities count is: 0 local entities hash is: "}
{"logTime": "0701/003703", "correlationVector":"zi5te9vtBGXTwcBk1Pw2Az.9","action":"CompareDataConsistency result: ", "result":"Compare result: Saved Tab Group is consistent. local entities count is: 0 local entities hash is: "}
{"logTime": "0701/003703", "correlationVector":"zi5te9vtBGXTwcBk1Pw2Az.10","action":"CompareDataConsistency result: ", "result":"Server did not send this WebAuthn Credentials local entities count is: 0 local entities hash is: "}
{"logTime": "0701/003703", "correlationVector":"zi5te9vtBGXTwcBk1Pw2Az.11","action":"CompareDataConsistency result: ", "result":"Compare result: Edge E Drop is consistent. local entities count is: 0 local entities hash is: "}
{"logTime": "0701/003703", "correlationVector":"zi5te9vtBGXTwcBk1Pw2Az.12","action":"CompareDataConsistency result: ", "result":"Compare result: Edge Wallet is consistent. local entities count is: 0 local entities hash is: "}
{"logTime": "0701/003703", "correlationVector":"zi5te9vtBGXTwcBk1Pw2Az.13","action":"CompareDataConsistency result: ", "result":"Server did not send this Edge Workspace local entities count is: 0 local entities hash is: "}
{"logTime": "0701/003703", "correlationVector":"zi5te9vtBGXTwcBk1Pw2Az.14","action":"CompareDataConsistency result: ", "result":"Compare result: Passwords is consistent. local entities count is: 60 local entities hash is: INKWBlqkYdiDOk/59u7L2X3x2AA="}
{"logTime": "0701/003703", "correlationVector":"","action":"DIAGNOSTIC_REQUEST|v1/diagnosticData/Diagnostic.SendCheckResult()|SUCCESS", "result":""}
{"logTime": "0701/003706", "correlationVector":"M8wZf5VuEOzhEB8DKYkPSA","action":"Commit Request", "result":"", "context":Item count: 2
Contributing types: Edge Hub App Usage}
{"logTime": "0701/003708", "correlationVector":"M8wZf5VuEOzhEB8DKYkPSA.1","action":"SyncServerConnectionManagerRequest", "result":"SYNC_SERVER_OK", "context":{"environment":"Prod_southeastasia_prod-s01-065-apac-southeastasia", "migrationStage":"NotStarted", "server":"akswtt00200001e"}}
{"logTime": "0701/003708", "correlationVector":"M8wZf5VuEOzhEB8DKYkPSA.3","action":"Commit.Edge Hub App Usage", "result":"Success", "context":{"id":"6e20c148-d6c2-42ba-89a1-64c537a97c5b", "isDeleted":"true", "size":"0", "version":"1775025689973"}}
{"logTime": "0701/003708", "correlationVector":"M8wZf5VuEOzhEB8DKYkPSA.2","action":"Commit Response", "result":"Success", "context":Result: Success. cV=M8wZf5VuEOzhEB8DKYkPSA.0;server=akswtt00200001e;cloudType=Consumer;environment=Prod_southeastasia_prod-s01-065-apac-southeastasia;migrationStage=NotStarted}
{"logTime": "0701/003714", "correlationVector":"O5uXdJISEgTcTK6JW8NvEJ","action":"Commit Request", "result":"", "context":Item count: 40
Contributing types: Passwords}
{"logTime": "0701/003723", "correlationVector":"O5uXdJISEgTcTK6JW8NvEJ.1","action":"SyncServerConnectionManagerRequest", "result":"SYNC_SERVER_OK", "context":{"environment":"Prod_japaneast_prod-s01-061-apac-japaneast", "migrationStage":"NotStarted", "server":"akswtt115000000"}}
{"logTime": "0701/003723", "correlationVector":"O5uXdJISEgTcTK6JW8NvEJ.2","action":"Commit Response", "result":"Success", "context":Result: Success. cV=O5uXdJISEgTcTK6JW8NvEJ.0;server=akswtt115000000;cloudType=Consumer;environment=Prod_japaneast_prod-s01-061-apac-japaneast;migrationStage=NotStarted}
{"logTime": "0701/003723", "correlationVector":"4+5a4rkgIGd6OjcqDGcTBL","action":"Commit Request", "result":"", "context":Item count: 20
Contributing types: Preferences, Passwords, Sessions, History}
{"logTime": "0701/003728", "correlationVector":"4+5a4rkgIGd6OjcqDGcTBL.1","action":"SyncServerConnectionManagerRequest", "result":"SYNC_SERVER_OK", "context":{"environment":"Prod_japaneast_prod-s01-061-apac-japaneast", "migrationStage":"NotStarted", "server":"akswtt11500000b"}}
{"logTime": "0701/003728", "correlationVector":"4+5a4rkgIGd6OjcqDGcTBL.2","action":"Commit Response", "result":"Success", "context":Result: Success. cV=4+5a4rkgIGd6OjcqDGcTBL.0;server=akswtt11500000b;cloudType=Consumer;environment=Prod_japaneast_prod-s01-061-apac-japaneast;migrationStage=NotStarted}
{"logTime": "0701/003810", "correlationVector":"ku4zvvENGdLSHHHBgF1T31","action":"Commit Request", "result":"", "context":Item count: 1
Contributing types: Device Info}
{"logTime": "0701/003811", "correlationVector":"ku4zvvENGdLSHHHBgF1T31.1","action":"SyncServerConnectionManagerRequest", "result":"SYNC_SERVER_OK", "context":{"environment":"Prod_southeastasia_prod-s01-065-apac-southeastasia", "migrationStage":"NotStarted", "server":"akswtt002000003"}}
{"logTime": "0701/003811", "correlationVector":"ku4zvvENGdLSHHHBgF1T31.2","action":"Commit Response", "result":"Success", "context":Result: Success. cV=ku4zvvENGdLSHHHBgF1T31.0;server=akswtt002000003;cloudType=Consumer;environment=Prod_southeastasia_prod-s01-065-apac-southeastasia;migrationStage=NotStarted}
{"logTime": "0701/023759", "correlationVector":"uOz5ugPTP6nJGU1onZFKwL","action":"Commit Request", "result":"", "context":Item count: 1
Contributing types: Preferences}
{"logTime": "0701/023800", "correlationVector":"uOz5ugPTP6nJGU1onZFKwL.1","action":"SyncServerConnectionManagerRequest", "result":"SYNC_SERVER_OK", "context":{"environment":"Prod_japaneast_prod-s01-061-apac-japaneast", "migrationStage":"NotStarted", "server":"akswtt115000002"}}
{"logTime": "0701/023800", "correlationVector":"uOz5ugPTP6nJGU1onZFKwL.2","action":"Commit Response", "result":"Success", "context":Result: Success. cV=uOz5ugPTP6nJGU1onZFKwL.0;server=akswtt115000002;cloudType=Consumer;environment=Prod_japaneast_prod-s01-061-apac-japaneast;migrationStage=NotStarted}
